---
source: example/src/words.rs
expression: "grammar::parse(\"hello\")"
---
Err(
    [
        ParseError {
            reason: FailedNode(
                [],
            ),
            start: 0,
            end: 5,
        },
    ],
)
